C:/Users/nogueirp/CES_Demo/Model/palm_detector.c:968:13:_ec_blob_cache_start_func_156	0	static
C:/Users/nogueirp/CES_Demo/Model/palm_detector.c:703:13:_ec_blob_cache_start_func_139	8	static
C:/Users/nogueirp/CES_Demo/Model/palm_detector.c:457:13:_ec_blob_cache_start_func_75	0	static
C:/Users/nogueirp/CES_Demo/Model/palm_detector.c:374:13:_ec_blob_cache_start_func_52	0	static
C:/Users/nogueirp/CES_Demo/Model/palm_detector.c:580:13:_ec_blob_cache_start_func_122	0	static
C:/Users/nogueirp/CES_Demo/Model/palm_detector.c:291:13:_ec_blob_cache_start_func_30	0	static
C:/Users/nogueirp/CES_Demo/Model/palm_detector.c:208:13:_ec_blob_cache_start_func_26	0	static
C:/Users/nogueirp/CES_Demo/Model/palm_detector.c:125:13:_ec_blob_cache_start_func_1	0	static
C:/Users/nogueirp/CES_Demo/Model/palm_detector.c:910:13:LL_ATON_End_EpochBlock_155	192	static
C:/Users/nogueirp/CES_Demo/Model/palm_detector.c:853:13:LL_ATON_End_EpochBlock_154	200	static
C:/Users/nogueirp/CES_Demo/Model/palm_detector.c:729:13:LL_ATON_End_EpochBlock_153	24	static
C:/Users/nogueirp/CES_Demo/Model/palm_detector.c:594:13:LL_ATON_End_EpochBlock_138	424	static
C:/Users/nogueirp/CES_Demo/Model/palm_detector.c:471:13:LL_ATON_End_EpochBlock_121	424	static
C:/Users/nogueirp/CES_Demo/Model/palm_detector.c:388:13:LL_ATON_End_EpochBlock_74	32	static
C:/Users/nogueirp/CES_Demo/Model/palm_detector.c:305:13:LL_ATON_End_EpochBlock_51	32	static
C:/Users/nogueirp/CES_Demo/Model/palm_detector.c:222:13:LL_ATON_End_EpochBlock_29	32	static
C:/Users/nogueirp/CES_Demo/Model/palm_detector.c:139:13:LL_ATON_End_EpochBlock_25	32	static
C:/Users/nogueirp/CES_Demo/Model/palm_detector.c:79:26:LL_ATON_Set_User_Input_Buffer_palm_detector	0	static
C:/Users/nogueirp/CES_Demo/Model/palm_detector.c:94:7:LL_ATON_Get_User_Input_Buffer_palm_detector	0	static
C:/Users/nogueirp/CES_Demo/Model/palm_detector.c:104:26:LL_ATON_Set_User_Output_Buffer_palm_detector	0	static
C:/Users/nogueirp/CES_Demo/Model/palm_detector.c:111:7:LL_ATON_Get_User_Output_Buffer_palm_detector	0	static
C:/Users/nogueirp/CES_Demo/Model/palm_detector_ecblobs.h:11830:6:LL_ATON_EC_Network_Init_palm_detector	16	static
C:/Users/nogueirp/CES_Demo/Model/palm_detector_ecblobs.h:11853:6:LL_ATON_EC_Inference_Init_palm_detector	16	static
C:/Users/nogueirp/CES_Demo/Model/palm_detector.c:982:31:LL_ATON_EpochBlockItems_palm_detector	0	static
C:/Users/nogueirp/CES_Demo/Model/palm_detector.c:1208:30:LL_ATON_Input_Buffers_Info_palm_detector	0	static
C:/Users/nogueirp/CES_Demo/Model/palm_detector.c:4142:30:LL_ATON_Output_Buffers_Info_palm_detector	0	static
C:/Users/nogueirp/CES_Demo/Model/palm_detector.c:4199:30:LL_ATON_Internal_Buffers_Info_palm_detector	0	static
