C:/Users/nogueirp/CES_Demo/STM32Cube_FW_N6/Drivers/STM32N6xx_HAL_Driver/Src/stm32n6xx_hal_exti.c:139:19:HAL_EXTI_SetConfigLine	24	static
C:/Users/nogueirp/CES_Demo/STM32Cube_FW_N6/Drivers/STM32N6xx_HAL_Driver/Src/stm32n6xx_hal_exti.c:261:19:HAL_EXTI_GetConfigLine	24	static
C:/Users/nogueirp/CES_Demo/STM32Cube_FW_N6/Drivers/STM32N6xx_HAL_Driver/Src/stm32n6xx_hal_exti.c:364:19:HAL_EXTI_ClearConfigLine	24	static
C:/Users/nogueirp/CES_Demo/STM32Cube_FW_N6/Drivers/STM32N6xx_HAL_Driver/Src/stm32n6xx_hal_exti.c:430:19:HAL_EXTI_RegisterCallback	0	static
C:/Users/nogueirp/CES_Demo/STM32Cube_FW_N6/Drivers/STM32N6xx_HAL_Driver/Src/stm32n6xx_hal_exti.c:466:19:HAL_EXTI_GetHandle	16	static
C:/Users/nogueirp/CES_Demo/STM32Cube_FW_N6/Drivers/STM32N6xx_HAL_Driver/Src/stm32n6xx_hal_exti.c:507:6:HAL_EXTI_IRQHandler	16	static
C:/Users/nogueirp/CES_Demo/STM32Cube_FW_N6/Drivers/STM32N6xx_HAL_Driver/Src/stm32n6xx_hal_exti.c:560:10:HAL_EXTI_GetPending	16	static
C:/Users/nogueirp/CES_Demo/STM32Cube_FW_N6/Drivers/STM32N6xx_HAL_Driver/Src/stm32n6xx_hal_exti.c:604:6:HAL_EXTI_ClearPending	16	static
C:/Users/nogueirp/CES_Demo/STM32Cube_FW_N6/Drivers/STM32N6xx_HAL_Driver/Src/stm32n6xx_hal_exti.c:640:6:HAL_EXTI_GenerateSWI	8	static
C:/Users/nogueirp/CES_Demo/STM32Cube_FW_N6/Drivers/STM32N6xx_HAL_Driver/Src/stm32n6xx_hal_exti.c:690:6:HAL_EXTI_ConfigLineAttributes	24	static
C:/Users/nogueirp/CES_Demo/STM32Cube_FW_N6/Drivers/STM32N6xx_HAL_Driver/Src/stm32n6xx_hal_exti.c:760:19:HAL_EXTI_GetConfigLineAttributes	16	static
C:/Users/nogueirp/CES_Demo/STM32Cube_FW_N6/Drivers/STM32N6xx_HAL_Driver/Src/stm32n6xx_hal_exti.c:817:6:HAL_EXTI_LockAttributes	0	static
C:/Users/nogueirp/CES_Demo/STM32Cube_FW_N6/Drivers/STM32N6xx_HAL_Driver/Src/stm32n6xx_hal_exti.c:826:10:HAL_EXTI_GetLockAttributes	0	static
