C:/Users/nogueirp/CES_Demo/Src/app.c:897:13:convert_length	0	static
C:/Users/nogueirp/CES_Demo/Src/app.c:1627:13:on_pd_toggle_button_click	0	static
C:/Users/nogueirp/CES_Demo/Src/app.c:590:17:bqueue_get_free	8	static
C:/Users/nogueirp/CES_Demo/Src/app.c:1979:13:isp_thread_fct	8	static
C:/Users/nogueirp/CES_Demo/Src/app.c:1769:12:TRK_Init	64	static
C:/Users/nogueirp/CES_Demo/Src/app.c:613:17:bqueue_get_ready	8	static
C:/Users/nogueirp/CES_Demo/Src/app.c:560:12:bqueue_init.constprop	16	static
C:/Users/nogueirp/CES_Demo/Src/app.c:530:13:cpuload_update.constprop	16	static
C:/Users/nogueirp/CES_Demo/Src/app.c:627:13:bqueue_put_ready	16	static
C:/Users/nogueirp/CES_Demo/Src/app.c:708:12:clamp_point.isra	0	static
C:/Users/nogueirp/CES_Demo/Src/app.c:744:13:display_pd_hand	40	static
C:/Users/nogueirp/CES_Demo/Src/app.c:605:13:bqueue_put_free.isra	8	static
C:/Users/nogueirp/CES_Demo/Src/app.c:1861:13:pp_thread_fct	144	static
C:/Users/nogueirp/CES_Demo/Src/app.c:1949:13:dp_thread_fct	3008	static,ignoring_inline_asm
C:/Users/nogueirp/CES_Demo/Src/app.c:1640:13:nn_thread_fct	152	static,ignoring_inline_asm
C:/Users/nogueirp/CES_Demo/Src/app.c:1095:6:display_hand	0	static
C:/Users/nogueirp/CES_Demo/Src/app.c:2063:6:app_run	120	static,ignoring_inline_asm
C:/Users/nogueirp/CES_Demo/Src/app.c:2133:5:CMW_CAMERA_PIPE_FrameEventCallback	32	static
C:/Users/nogueirp/CES_Demo/Src/app.c:2143:5:CMW_CAMERA_PIPE_VsyncEventCallback	16	static
