C:/Users/nogueirp/CES_Demo/Src/app.c:878:13:convert_length	0	static
C:/Users/nogueirp/CES_Demo/Src/app.c:572:17:bqueue_get_free	8	static
C:/Users/nogueirp/CES_Demo/Src/app.c:1924:13:isp_thread_fct	8	static
C:/Users/nogueirp/CES_Demo/Src/app.c:1585:13:on_pd_toggle_button_click	0	static
C:/Users/nogueirp/CES_Demo/Src/app.c:1729:12:TRK_Init	56	static
C:/Users/nogueirp/CES_Demo/Src/app.c:595:17:bqueue_get_ready	8	static
C:/Users/nogueirp/CES_Demo/Src/app.c:542:12:bqueue_init.constprop	16	static
C:/Users/nogueirp/CES_Demo/Src/app.c:512:13:cpuload_update.constprop	16	static
C:/Users/nogueirp/CES_Demo/Src/app.c:609:13:bqueue_put_ready	16	static
C:/Users/nogueirp/CES_Demo/Src/app.c:690:12:clamp_point.isra	0	static
C:/Users/nogueirp/CES_Demo/Src/app.c:726:13:display_pd_hand	48	static
C:/Users/nogueirp/CES_Demo/Src/app.c:587:13:bqueue_put_free.isra	8	static
C:/Users/nogueirp/CES_Demo/Src/app.c:1806:13:pp_thread_fct	144	static
C:/Users/nogueirp/CES_Demo/Src/app.c:1894:13:dp_thread_fct	1912	static,ignoring_inline_asm
C:/Users/nogueirp/CES_Demo/Src/app.c:1598:13:nn_thread_fct	216	static,ignoring_inline_asm
C:/Users/nogueirp/CES_Demo/Src/app.c:1076:6:display_hand	0	static
C:/Users/nogueirp/CES_Demo/Src/app.c:2008:6:app_run	96	static,ignoring_inline_asm
C:/Users/nogueirp/CES_Demo/Src/app.c:2075:5:CMW_CAMERA_PIPE_FrameEventCallback	32	static
C:/Users/nogueirp/CES_Demo/Src/app.c:2085:5:CMW_CAMERA_PIPE_VsyncEventCallback	16	static
