C:/Users/nogueirp/InternshipST/Src/app.c:919:13:convert_length	0	static
C:/Users/nogueirp/InternshipST/Src/app.c:609:17:bqueue_get_free	8	static
C:/Users/nogueirp/InternshipST/Src/app.c:2122:13:isp_thread_fct	8	static
C:/Users/nogueirp/InternshipST/Src/app.c:1791:12:TRK_Init	64	static
C:/Users/nogueirp/InternshipST/Src/app.c:1805:12:TRK_Init_pd	64	static
C:/Users/nogueirp/InternshipST/Src/app.c:632:17:bqueue_get_ready	8	static
C:/Users/nogueirp/InternshipST/Src/app.c:2048:13:dp_update_drawing_area	8	static,ignoring_inline_asm
C:/Users/nogueirp/InternshipST/Src/app.c:2058:13:dp_commit_drawing_area	8	static,ignoring_inline_asm
C:/Users/nogueirp/InternshipST/Src/app.c:579:12:bqueue_init.constprop	16	static
C:/Users/nogueirp/InternshipST/Src/app.c:549:13:cpuload_update.constprop	16	static
C:/Users/nogueirp/InternshipST/Src/app.c:646:13:bqueue_put_ready	16	static
C:/Users/nogueirp/InternshipST/Src/app.c:730:12:clamp_point.isra	0	static
C:/Users/nogueirp/InternshipST/Src/app.c:766:13:display_pd_hand	48	static
C:/Users/nogueirp/InternshipST/Src/app.c:624:13:bqueue_put_free.isra	8	static
C:/Users/nogueirp/InternshipST/Src/app.c:1961:13:pp_thread_fct	192	static
C:/Users/nogueirp/InternshipST/Src/app.c:2084:13:dp_thread_fct	3008	static,ignoring_inline_asm
C:/Users/nogueirp/InternshipST/Src/app.c:1669:13:nn_thread_fct	136	static,ignoring_inline_asm
C:/Users/nogueirp/InternshipST/Src/app.c:1128:6:display_hand	0	static
C:/Users/nogueirp/InternshipST/Src/app.c:2209:6:app_run	96	static,ignoring_inline_asm
C:/Users/nogueirp/InternshipST/Src/app.c:2296:5:CMW_CAMERA_PIPE_FrameEventCallback	32	static
C:/Users/nogueirp/InternshipST/Src/app.c:2306:5:CMW_CAMERA_PIPE_VsyncEventCallback	16	static
C:/Users/nogueirp/InternshipST/Src/app.c:2314:6:BSP_PB_Callback	32	static
C:/Users/nogueirp/InternshipST/Src/app.c:2343:6:HAL_TIM_PeriodElapsedCallback	16	static
