C:/Users/nogueirp/InternshipST/Src/app.c:913:13:convert_length	0	static
C:/Users/nogueirp/InternshipST/Src/app.c:603:17:bqueue_get_free	8	static
C:/Users/nogueirp/InternshipST/Src/app.c:2018:13:isp_thread_fct	8	static
C:/Users/nogueirp/InternshipST/Src/app.c:1783:12:TRK_Init	64	static
C:/Users/nogueirp/InternshipST/Src/app.c:626:17:bqueue_get_ready	8	static
C:/Users/nogueirp/InternshipST/Src/app.c:1944:13:dp_update_drawing_area	8	static,ignoring_inline_asm
C:/Users/nogueirp/InternshipST/Src/app.c:1954:13:dp_commit_drawing_area	8	static,ignoring_inline_asm
C:/Users/nogueirp/InternshipST/Src/app.c:573:12:bqueue_init.constprop	16	static
C:/Users/nogueirp/InternshipST/Src/app.c:543:13:cpuload_update.constprop	16	static
C:/Users/nogueirp/InternshipST/Src/app.c:640:13:bqueue_put_ready	16	static
C:/Users/nogueirp/InternshipST/Src/app.c:724:12:clamp_point.isra	0	static
C:/Users/nogueirp/InternshipST/Src/app.c:760:13:display_pd_hand	48	static
C:/Users/nogueirp/InternshipST/Src/app.c:618:13:bqueue_put_free.isra	8	static
C:/Users/nogueirp/InternshipST/Src/app.c:1875:13:pp_thread_fct	144	static
C:/Users/nogueirp/InternshipST/Src/app.c:1980:13:dp_thread_fct	3008	static,ignoring_inline_asm
C:/Users/nogueirp/InternshipST/Src/app.c:1652:13:nn_thread_fct	136	static,ignoring_inline_asm
C:/Users/nogueirp/InternshipST/Src/app.c:1111:6:display_hand	0	static
C:/Users/nogueirp/InternshipST/Src/app.c:2105:6:app_run	120	static,ignoring_inline_asm
C:/Users/nogueirp/InternshipST/Src/app.c:2192:5:CMW_CAMERA_PIPE_FrameEventCallback	32	static
C:/Users/nogueirp/InternshipST/Src/app.c:2202:5:CMW_CAMERA_PIPE_VsyncEventCallback	16	static
C:/Users/nogueirp/InternshipST/Src/app.c:2210:6:BSP_PB_Callback	32	static
C:/Users/nogueirp/InternshipST/Src/app.c:2239:6:HAL_TIM_PeriodElapsedCallback	8	static
