C:/Users/nogueirp/CES_Demo/Src/app.c:911:13:convert_length	0	static
C:/Users/nogueirp/CES_Demo/Src/app.c:600:17:bqueue_get_free	8	static
C:/Users/nogueirp/CES_Demo/Src/app.c:2017:13:isp_thread_fct	8	static
C:/Users/nogueirp/CES_Demo/Src/app.c:1805:12:TRK_Init	64	static
C:/Users/nogueirp/CES_Demo/Src/app.c:623:17:bqueue_get_ready	8	static
C:/Users/nogueirp/CES_Demo/Src/app.c:570:12:bqueue_init.constprop	16	static
C:/Users/nogueirp/CES_Demo/Src/app.c:540:13:cpuload_update.constprop	16	static
C:/Users/nogueirp/CES_Demo/Src/app.c:637:13:bqueue_put_ready	16	static
C:/Users/nogueirp/CES_Demo/Src/app.c:722:12:clamp_point.isra	0	static
C:/Users/nogueirp/CES_Demo/Src/app.c:758:13:display_pd_hand	48	static
C:/Users/nogueirp/CES_Demo/Src/app.c:615:13:bqueue_put_free.isra	8	static
C:/Users/nogueirp/CES_Demo/Src/app.c:1897:13:pp_thread_fct	144	static
C:/Users/nogueirp/CES_Demo/Src/app.c:1985:13:dp_thread_fct	3008	static,ignoring_inline_asm
C:/Users/nogueirp/CES_Demo/Src/app.c:1670:13:nn_thread_fct	136	static,ignoring_inline_asm
C:/Users/nogueirp/CES_Demo/Src/app.c:1109:6:display_hand	0	static
C:/Users/nogueirp/CES_Demo/Src/app.c:2104:6:app_run	120	static,ignoring_inline_asm
C:/Users/nogueirp/CES_Demo/Src/app.c:2189:5:CMW_CAMERA_PIPE_FrameEventCallback	32	static
C:/Users/nogueirp/CES_Demo/Src/app.c:2199:5:CMW_CAMERA_PIPE_VsyncEventCallback	16	static
C:/Users/nogueirp/CES_Demo/Src/app.c:2207:6:BSP_PB_Callback	24	static
