C:/Users/nogueirp/CES_Demo/Src/app.c:664:12:clamp_point	8	static
C:/Users/nogueirp/CES_Demo/Src/app.c:852:13:convert_length	0	static
C:/Users/nogueirp/CES_Demo/Src/app.c:560:17:bqueue_get_free	8	static
C:/Users/nogueirp/CES_Demo/Src/app.c:1651:13:isp_thread_fct	8	static
C:/Users/nogueirp/CES_Demo/Src/app.c:1458:12:TRK_Init	56	static
C:/Users/nogueirp/CES_Demo/Src/app.c:583:17:bqueue_get_ready	8	static
C:/Users/nogueirp/CES_Demo/Src/app.c:808:13:display_ld_hand	344	static
C:/Users/nogueirp/CES_Demo/Src/app.c:530:12:bqueue_init.constprop	16	static
C:/Users/nogueirp/CES_Demo/Src/app.c:500:13:cpuload_update.constprop	16	static
C:/Users/nogueirp/CES_Demo/Src/app.c:597:13:bqueue_put_ready	16	static
C:/Users/nogueirp/CES_Demo/Src/app.c:575:13:bqueue_put_free.isra	8	static
C:/Users/nogueirp/CES_Demo/Src/app.c:1535:13:pp_thread_fct	144	static
C:/Users/nogueirp/CES_Demo/Src/app.c:1385:13:nn_thread_fct	72	static,ignoring_inline_asm
C:/Users/nogueirp/CES_Demo/Src/app.c:1623:13:dp_thread_fct	1024	static,ignoring_inline_asm
C:/Users/nogueirp/CES_Demo/Src/app.c:840:6:display_hand	128	static
C:/Users/nogueirp/CES_Demo/Src/app.c:1700:6:app_run	96	static,ignoring_inline_asm
C:/Users/nogueirp/CES_Demo/Src/app.c:1765:5:CMW_CAMERA_PIPE_FrameEventCallback	32	static
C:/Users/nogueirp/CES_Demo/Src/app.c:1775:5:CMW_CAMERA_PIPE_VsyncEventCallback	16	static
