C:/Users/nogueirp/CES_Demo/Src/app.c:688:12:clamp_point	8	static
C:/Users/nogueirp/CES_Demo/Src/app.c:876:13:convert_length	0	static
C:/Users/nogueirp/CES_Demo/Src/app.c:570:17:bqueue_get_free	8	static
C:/Users/nogueirp/CES_Demo/Src/app.c:1916:13:isp_thread_fct	8	static
C:/Users/nogueirp/CES_Demo/Src/app.c:1579:13:on_pd_toggle_button_click	0	static
C:/Users/nogueirp/CES_Demo/Src/app.c:1721:12:TRK_Init	56	static
C:/Users/nogueirp/CES_Demo/Src/app.c:593:17:bqueue_get_ready	8	static
C:/Users/nogueirp/CES_Demo/Src/app.c:540:12:bqueue_init.constprop	16	static
C:/Users/nogueirp/CES_Demo/Src/app.c:510:13:cpuload_update.constprop	16	static
C:/Users/nogueirp/CES_Demo/Src/app.c:607:13:bqueue_put_ready	16	static
C:/Users/nogueirp/CES_Demo/Src/app.c:585:13:bqueue_put_free.isra	8	static
C:/Users/nogueirp/CES_Demo/Src/app.c:1798:13:pp_thread_fct	144	static
C:/Users/nogueirp/CES_Demo/Src/app.c:1592:13:nn_thread_fct	216	static,ignoring_inline_asm
C:/Users/nogueirp/CES_Demo/Src/app.c:1074:6:display_hand	120	static
C:/Users/nogueirp/CES_Demo/Src/app.c:1886:13:dp_thread_fct	1024	static,ignoring_inline_asm
C:/Users/nogueirp/CES_Demo/Src/app.c:2000:6:app_run	96	static,ignoring_inline_asm
C:/Users/nogueirp/CES_Demo/Src/app.c:2067:5:CMW_CAMERA_PIPE_FrameEventCallback	32	static
C:/Users/nogueirp/CES_Demo/Src/app.c:2077:5:CMW_CAMERA_PIPE_VsyncEventCallback	16	static
