C:/Users/madmc/OneDrive/InternshipST/Src/app.c:926:13:convert_length	0	static
C:/Users/madmc/OneDrive/InternshipST/Src/app.c:2259:13:motor_step	8	static
C:/Users/madmc/OneDrive/InternshipST/Src/app.c:2287:13:mt_thread_fct	48	static
C:/Users/madmc/OneDrive/InternshipST/Src/app.c:613:17:bqueue_get_free	8	static
C:/Users/madmc/OneDrive/InternshipST/Src/app.c:2194:13:isp_thread_fct	8	static
C:/Users/madmc/OneDrive/InternshipST/Src/app.c:1828:12:TRK_Init	64	static
C:/Users/madmc/OneDrive/InternshipST/Src/app.c:1842:12:TRK_Init_pd	64	static
C:/Users/madmc/OneDrive/InternshipST/Src/app.c:636:17:bqueue_get_ready	8	static
C:/Users/madmc/OneDrive/InternshipST/Src/app.c:2120:13:dp_update_drawing_area	8	static,ignoring_inline_asm
C:/Users/madmc/OneDrive/InternshipST/Src/app.c:2130:13:dp_commit_drawing_area	8	static,ignoring_inline_asm
C:/Users/madmc/OneDrive/InternshipST/Src/app.c:583:12:bqueue_init.constprop	16	static
C:/Users/madmc/OneDrive/InternshipST/Src/app.c:553:13:cpuload_update.constprop	16	static
C:/Users/madmc/OneDrive/InternshipST/Src/app.c:650:13:bqueue_put_ready	16	static
C:/Users/madmc/OneDrive/InternshipST/Src/app.c:737:12:clamp_point.isra	0	static
C:/Users/madmc/OneDrive/InternshipST/Src/app.c:773:13:display_pd_hand	48	static
C:/Users/madmc/OneDrive/InternshipST/Src/app.c:628:13:bqueue_put_free.isra	8	static
C:/Users/madmc/OneDrive/InternshipST/Src/app.c:2032:13:pp_thread_fct	176	static
C:/Users/madmc/OneDrive/InternshipST/Src/app.c:2156:13:dp_thread_fct	3016	static,ignoring_inline_asm
C:/Users/madmc/OneDrive/InternshipST/Src/app.c:1699:13:nn_thread_fct	144	static,ignoring_inline_asm
C:/Users/madmc/OneDrive/InternshipST/Src/app.c:1136:6:display_hand	0	static
C:/Users/madmc/OneDrive/InternshipST/Src/app.c:2335:6:app_run	96	static,ignoring_inline_asm
C:/Users/madmc/OneDrive/InternshipST/Src/app.c:2423:5:CMW_CAMERA_PIPE_FrameEventCallback	32	static
C:/Users/madmc/OneDrive/InternshipST/Src/app.c:2433:5:CMW_CAMERA_PIPE_VsyncEventCallback	16	static
C:/Users/madmc/OneDrive/InternshipST/Src/app.c:2441:6:BSP_PB_Callback	32	static
C:/Users/madmc/OneDrive/InternshipST/Src/app.c:2472:6:HAL_TIM_PeriodElapsedCallback	16	static
