C:/Users/nogueirp/CES_Demo/Src/app.c:670:12:clamp_point	8	static
C:/Users/nogueirp/CES_Demo/Src/app.c:858:13:convert_length	0	static
C:/Users/nogueirp/CES_Demo/Src/app.c:566:17:bqueue_get_free	8	static
C:/Users/nogueirp/CES_Demo/Src/app.c:1688:13:isp_thread_fct	8	static
C:/Users/nogueirp/CES_Demo/Src/app.c:1495:12:TRK_Init	56	static
C:/Users/nogueirp/CES_Demo/Src/app.c:589:17:bqueue_get_ready	8	static
C:/Users/nogueirp/CES_Demo/Src/app.c:814:13:display_ld_hand	344	static
C:/Users/nogueirp/CES_Demo/Src/app.c:536:12:bqueue_init.constprop	16	static
C:/Users/nogueirp/CES_Demo/Src/app.c:506:13:cpuload_update.constprop	16	static
C:/Users/nogueirp/CES_Demo/Src/app.c:603:13:bqueue_put_ready	16	static
C:/Users/nogueirp/CES_Demo/Src/app.c:581:13:bqueue_put_free.isra	8	static
C:/Users/nogueirp/CES_Demo/Src/app.c:1572:13:pp_thread_fct	144	static
C:/Users/nogueirp/CES_Demo/Src/app.c:1418:13:nn_thread_fct	72	static,ignoring_inline_asm
C:/Users/nogueirp/CES_Demo/Src/app.c:1660:13:dp_thread_fct	1024	static,ignoring_inline_asm
C:/Users/nogueirp/CES_Demo/Src/app.c:846:6:display_hand	128	static
C:/Users/nogueirp/CES_Demo/Src/app.c:1737:6:app_run	96	static,ignoring_inline_asm
C:/Users/nogueirp/CES_Demo/Src/app.c:1802:5:CMW_CAMERA_PIPE_FrameEventCallback	32	static
C:/Users/nogueirp/CES_Demo/Src/app.c:1812:5:CMW_CAMERA_PIPE_VsyncEventCallback	16	static
