C:/Users/madmc/OneDrive/InternshipST/Src/app.c:925:13:convert_length	0	static
C:/Users/madmc/OneDrive/InternshipST/Src/app.c:612:17:bqueue_get_free	8	static
C:/Users/madmc/OneDrive/InternshipST/Src/app.c:2163:13:isp_thread_fct	8	static
C:/Users/madmc/OneDrive/InternshipST/Src/app.c:1798:12:TRK_Init	64	static
C:/Users/madmc/OneDrive/InternshipST/Src/app.c:1812:12:TRK_Init_pd	64	static
C:/Users/madmc/OneDrive/InternshipST/Src/app.c:635:17:bqueue_get_ready	8	static
C:/Users/madmc/OneDrive/InternshipST/Src/app.c:2089:13:dp_update_drawing_area	8	static,ignoring_inline_asm
C:/Users/madmc/OneDrive/InternshipST/Src/app.c:2099:13:dp_commit_drawing_area	8	static,ignoring_inline_asm
C:/Users/madmc/OneDrive/InternshipST/Src/app.c:2254:13:mt_thread_fct	40	static
C:/Users/madmc/OneDrive/InternshipST/Src/app.c:582:12:bqueue_init.constprop	16	static
C:/Users/madmc/OneDrive/InternshipST/Src/app.c:552:13:cpuload_update.constprop	16	static
C:/Users/madmc/OneDrive/InternshipST/Src/app.c:649:13:bqueue_put_ready	16	static
C:/Users/madmc/OneDrive/InternshipST/Src/app.c:736:12:clamp_point.isra	0	static
C:/Users/madmc/OneDrive/InternshipST/Src/app.c:772:13:display_pd_hand	48	static
C:/Users/madmc/OneDrive/InternshipST/Src/app.c:627:13:bqueue_put_free.isra	8	static
C:/Users/madmc/OneDrive/InternshipST/Src/app.c:2002:13:pp_thread_fct	176	static
C:/Users/madmc/OneDrive/InternshipST/Src/app.c:2125:13:dp_thread_fct	3016	static,ignoring_inline_asm
C:/Users/madmc/OneDrive/InternshipST/Src/app.c:1676:13:nn_thread_fct	136	static,ignoring_inline_asm
C:/Users/madmc/OneDrive/InternshipST/Src/app.c:1135:6:display_hand	0	static
C:/Users/madmc/OneDrive/InternshipST/Src/app.c:2301:6:app_run	96	static,ignoring_inline_asm
C:/Users/madmc/OneDrive/InternshipST/Src/app.c:2389:5:CMW_CAMERA_PIPE_FrameEventCallback	32	static
C:/Users/madmc/OneDrive/InternshipST/Src/app.c:2399:5:CMW_CAMERA_PIPE_VsyncEventCallback	16	static
C:/Users/madmc/OneDrive/InternshipST/Src/app.c:2407:6:BSP_PB_Callback	32	static
C:/Users/madmc/OneDrive/InternshipST/Src/app.c:2436:6:HAL_TIM_PeriodElapsedCallback	16	static
