C:/Users/nogueirp/CES_Demo/Src/app.c:676:12:clamp_point	8	static
C:/Users/nogueirp/CES_Demo/Src/app.c:864:13:convert_length	0	static
C:/Users/nogueirp/CES_Demo/Src/app.c:568:17:bqueue_get_free	8	static
C:/Users/nogueirp/CES_Demo/Src/app.c:1753:13:isp_thread_fct	8	static
C:/Users/nogueirp/CES_Demo/Src/app.c:1444:13:on_pd_toggle_button_click	0	static
C:/Users/nogueirp/CES_Demo/Src/app.c:1560:12:TRK_Init	56	static
C:/Users/nogueirp/CES_Demo/Src/app.c:591:17:bqueue_get_ready	8	static
C:/Users/nogueirp/CES_Demo/Src/app.c:820:13:display_ld_hand	344	static
C:/Users/nogueirp/CES_Demo/Src/app.c:538:12:bqueue_init.constprop	16	static
C:/Users/nogueirp/CES_Demo/Src/app.c:508:13:cpuload_update.constprop	16	static
C:/Users/nogueirp/CES_Demo/Src/app.c:605:13:bqueue_put_ready	16	static
C:/Users/nogueirp/CES_Demo/Src/app.c:583:13:bqueue_put_free.isra	8	static
C:/Users/nogueirp/CES_Demo/Src/app.c:1637:13:pp_thread_fct	144	static
C:/Users/nogueirp/CES_Demo/Src/app.c:1725:13:dp_thread_fct	1024	static,ignoring_inline_asm
C:/Users/nogueirp/CES_Demo/Src/app.c:1457:13:nn_thread_fct	200	static,ignoring_inline_asm
C:/Users/nogueirp/CES_Demo/Src/app.c:852:6:display_hand	128	static
C:/Users/nogueirp/CES_Demo/Src/app.c:1801:6:app_run	96	static,ignoring_inline_asm
C:/Users/nogueirp/CES_Demo/Src/app.c:1866:5:CMW_CAMERA_PIPE_FrameEventCallback	32	static
C:/Users/nogueirp/CES_Demo/Src/app.c:1876:5:CMW_CAMERA_PIPE_VsyncEventCallback	16	static
