../../../STM32Cube_FW_N6/Drivers/STM32N6xx_HAL_Driver/Inc/stm32n6xx_ll_bus.h:679:22:LL_MEM_EnableClock	8	static
C:/Users/nogueirp/CES_Demo/Src/main.c:153:13:SystemClock_Config	632	static
C:/Users/nogueirp/CES_Demo/Src/main.c:302:13:main_thread_fct	136	static
C:/Users/nogueirp/CES_Demo/Src/main.c:63:5:main	32	static,ignoring_inline_asm
C:/Users/nogueirp/CES_Demo/Src/main.c:146:6:IAC_IRQHandler	0	static
C:/Users/nogueirp/CES_Demo/Src/main.c:368:19:MX_DCMIPP_ClockConfig	408	static
C:/Users/nogueirp/CES_Demo/Src/main.c:391:6:HAL_CACHEAXI_MspInit	16	static
C:/Users/nogueirp/CES_Demo/Src/main.c:399:6:HAL_CACHEAXI_MspDeInit	0	static
C:/Users/nogueirp/CES_Demo/Src/main.c:415:6:assert_failed	0	static,ignoring_inline_asm
C:/Users/nogueirp/CES_Demo/Src/main.c:427:45:app_clean_invalidate_dbg	16	static,ignoring_inline_asm
