../../../STM32Cube_FW_N6/Drivers/STM32N6xx_HAL_Driver/Inc/stm32n6xx_ll_bus.h:679:22:LL_MEM_EnableClock	1
C:/Users/nogueirp/InternshipST/Src/main.c:168:13:SystemClock_Config	4
C:/Users/nogueirp/InternshipST/Src/main.c:364:13:main_thread_fct	7
C:/Users/nogueirp/InternshipST/Src/main.c:66:5:main	4
C:/Users/nogueirp/InternshipST/Src/main.c:161:6:IAC_IRQHandler	1
C:/Users/nogueirp/InternshipST/Src/main.c:434:19:MX_DCMIPP_ClockConfig	2
C:/Users/nogueirp/InternshipST/Src/main.c:457:6:HAL_CACHEAXI_MspInit	1
C:/Users/nogueirp/InternshipST/Src/main.c:465:6:HAL_CACHEAXI_MspDeInit	1
C:/Users/nogueirp/InternshipST/Src/main.c:481:6:assert_failed	1
C:/Users/nogueirp/InternshipST/Src/main.c:493:45:app_clean_invalidate_dbg	3
