../../../STM32Cube_FW_N6/Drivers/STM32N6xx_HAL_Driver/Inc/stm32n6xx_ll_bus.h:679:22:LL_MEM_EnableClock	1
C:/Users/nogueirp/InternshipST/Src/main.c:412:13:main_thread_fct	7
C:/Users/nogueirp/InternshipST/Src/main.c:67:5:main	4
C:/Users/nogueirp/InternshipST/Src/main.c:173:6:IAC_IRQHandler	1
C:/Users/nogueirp/InternshipST/Src/main.c:484:19:MX_DCMIPP_ClockConfig	2
C:/Users/nogueirp/InternshipST/Src/main.c:507:6:HAL_CACHEAXI_MspInit	1
C:/Users/nogueirp/InternshipST/Src/main.c:515:6:HAL_CACHEAXI_MspDeInit	1
C:/Users/nogueirp/InternshipST/Src/main.c:531:6:assert_failed	1
C:/Users/nogueirp/InternshipST/Src/main.c:543:45:app_clean_invalidate_dbg	3
