../../../STM32Cube_FW_N6/Drivers/STM32N6xx_HAL_Driver/Inc/stm32n6xx_ll_bus.h:679:22:LL_MEM_EnableClock	8	static
C:/Users/nogueirp/InternshipST/Src/main.c:180:13:SystemClock_Config	632	static
C:/Users/nogueirp/InternshipST/Src/main.c:412:13:main_thread_fct	160	static
C:/Users/nogueirp/InternshipST/Src/main.c:67:5:main	64	static,ignoring_inline_asm
C:/Users/nogueirp/InternshipST/Src/main.c:173:6:IAC_IRQHandler	0	static
C:/Users/nogueirp/InternshipST/Src/main.c:484:19:MX_DCMIPP_ClockConfig	408	static
C:/Users/nogueirp/InternshipST/Src/main.c:507:6:HAL_CACHEAXI_MspInit	16	static
C:/Users/nogueirp/InternshipST/Src/main.c:515:6:HAL_CACHEAXI_MspDeInit	0	static
C:/Users/nogueirp/InternshipST/Src/main.c:531:6:assert_failed	0	static,ignoring_inline_asm
C:/Users/nogueirp/InternshipST/Src/main.c:543:45:app_clean_invalidate_dbg	16	static,ignoring_inline_asm
