C:/Users/nogueirp/InternshipST/Src/stm32n6xx_it.c:32:6:NMI_Handler	0	static
C:/Users/nogueirp/InternshipST/Src/stm32n6xx_it.c:41:6:MemManage_Handler	0	static
C:/Users/nogueirp/InternshipST/Src/stm32n6xx_it.c:54:6:BusFault_Handler	0	static
C:/Users/nogueirp/InternshipST/Src/stm32n6xx_it.c:67:6:SecureFault_Handler	0	static
C:/Users/nogueirp/InternshipST/Src/stm32n6xx_it.c:80:6:DebugMon_Handler	0	static
C:/Users/nogueirp/InternshipST/Src/stm32n6xx_it.c:87:6:HardFault_Handler	0	static
C:/Users/nogueirp/InternshipST/Src/stm32n6xx_it.c:100:6:CSI_IRQHandler	8	static
C:/Users/nogueirp/InternshipST/Src/stm32n6xx_it.c:105:6:DCMIPP_IRQHandler	8	static
C:/Users/nogueirp/InternshipST/Src/stm32n6xx_it.c:110:6:EXTI0_IRQHandler	0	static
C:/Users/nogueirp/InternshipST/Src/stm32n6xx_it.c:114:6:TIM2_IRQHandler	8	static
