C:/Users/madmc/OneDrive/InternshipST/Lib/Camera_Middleware/sensors/cmw_vd1941.c:255:12:CMW_VD1941_Read32	24	static
C:/Users/madmc/OneDrive/InternshipST/Lib/Camera_Middleware/sensors/cmw_vd1941.c:284:13:VD1941_ShutdownPin	0	static
C:/Users/madmc/OneDrive/InternshipST/Lib/Camera_Middleware/sensors/cmw_vd1941.c:291:12:VD1941_Read8	4	static
C:/Users/madmc/OneDrive/InternshipST/Lib/Camera_Middleware/sensors/cmw_vd1941.c:298:12:VD1941_Read16	24	static
C:/Users/madmc/OneDrive/InternshipST/Lib/Camera_Middleware/sensors/cmw_vd1941.c:305:12:VD1941_Read32	0	static
C:/Users/madmc/OneDrive/InternshipST/Lib/Camera_Middleware/sensors/cmw_vd1941.c:312:12:VD1941_Write8	16	static
C:/Users/madmc/OneDrive/InternshipST/Lib/Camera_Middleware/sensors/cmw_vd1941.c:319:12:VD1941_Write16	16	static
C:/Users/madmc/OneDrive/InternshipST/Lib/Camera_Middleware/sensors/cmw_vd1941.c:326:12:VD1941_Write32	16	static
C:/Users/madmc/OneDrive/InternshipST/Lib/Camera_Middleware/sensors/cmw_vd1941.c:333:12:VD1941_WriteArray	32	static
C:/Users/madmc/OneDrive/InternshipST/Lib/Camera_Middleware/sensors/cmw_vd1941.c:353:13:VD1941_Delay	0	static
C:/Users/madmc/OneDrive/InternshipST/Lib/Camera_Middleware/sensors/cmw_vd1941.c:528:16:CMW_VD1941_Stop	8	static
C:/Users/madmc/OneDrive/InternshipST/Lib/Camera_Middleware/sensors/cmw_vd1941.c:510:16:CMW_VD1941_Start	16	static
C:/Users/madmc/OneDrive/InternshipST/Lib/Camera_Middleware/sensors/cmw_vd1941.c:540:16:CMW_VD1941_DeInit	16	static
C:/Users/madmc/OneDrive/InternshipST/Lib/Camera_Middleware/sensors/cmw_vd1941.c:360:13:VD1941_Log	0	static
C:/Users/madmc/OneDrive/InternshipST/Lib/Camera_Middleware/sensors/cmw_vd1941.c:406:16:CMW_VD1941_Init	144	static
C:/Users/madmc/OneDrive/InternshipST/Lib/Camera_Middleware/sensors/cmw_vd1941.c:561:9:VD1941_RegisterBusIO	0	static
C:/Users/madmc/OneDrive/InternshipST/Lib/Camera_Middleware/sensors/cmw_vd1941.c:576:9:VD1941_ReadID	16	static
C:/Users/madmc/OneDrive/InternshipST/Lib/Camera_Middleware/sensors/cmw_vd1941.c:602:5:CMW_VD1941_Probe	24	static
