C:/Users/madmc/OneDrive/InternshipST/Lib/Camera_Middleware/sensors/vd1941/vdx941.c:233:13:VDx941_log_impl	16	static
C:/Users/madmc/OneDrive/InternshipST/Lib/Camera_Middleware/sensors/vd1941/vdx941.c:271:12:VDx941_PollReg8	40	static
C:/Users/madmc/OneDrive/InternshipST/Lib/Camera_Middleware/sensors/vd1941/vdx941.c:261:13:display_error	24	static
C:/Users/madmc/OneDrive/InternshipST/Lib/Camera_Middleware/sensors/vd1941/vdx941.c:916:12:VDx941_ComputeFrameLength	56	static
C:/Users/madmc/OneDrive/InternshipST/Lib/Camera_Middleware/sensors/vd1941/vdx941.c:524:12:VDx941_GetExpoCommon	40	static
C:/Users/madmc/OneDrive/InternshipST/Lib/Camera_Middleware/sensors/vd1941/vdx941.c:567:12:VDx941_GetExpo_GS	0	static
C:/Users/madmc/OneDrive/InternshipST/Lib/Camera_Middleware/sensors/vd1941/vdx941.c:572:12:VDx941_SetExpo_RS	32	static
C:/Users/madmc/OneDrive/InternshipST/Lib/Camera_Middleware/sensors/vd1941/vdx941.c:591:12:VDx941_SetExpo_RS_HDR	32	static
C:/Users/madmc/OneDrive/InternshipST/Lib/Camera_Middleware/sensors/vd1941/vdx941.c:500:12:VDx941_SetDigitalGain_IR	32	static
C:/Users/madmc/OneDrive/InternshipST/Lib/Camera_Middleware/sensors/vd1941/vdx941.c:486:12:VDx941_SetDigitalGain_RGB	32	static
C:/Users/madmc/OneDrive/InternshipST/Lib/Camera_Middleware/sensors/vd1941/vdx941.c:510:12:VDx941_SetDigitalGain_RGBNIR	16	static
C:/Users/madmc/OneDrive/InternshipST/Lib/Camera_Middleware/sensors/vd1941/vdx941.c:550:12:VDx941_SetExpoSplit_GS	32	static
C:/Users/madmc/OneDrive/InternshipST/Lib/Camera_Middleware/sensors/vd1941/vdx941.c:536:12:VDx941_SetExpo_GS	32	static
C:/Users/madmc/OneDrive/InternshipST/Lib/Camera_Middleware/sensors/vd1941/vdx941.c:305:12:VDx941_ApplyCmdAndWait	32	static
C:/Users/madmc/OneDrive/InternshipST/Lib/Camera_Middleware/sensors/vd1941/vdx941.c:293:12:VDx941_WaitState	24	static
C:/Users/madmc/OneDrive/InternshipST/Lib/Camera_Middleware/sensors/vd1941/vdx941.c:586:12:VDx941_GetExpo_RS	0	static
C:/Users/madmc/OneDrive/InternshipST/Lib/Camera_Middleware/sensors/vd1941/vdx941.c:965:5:VDx941_GetExposureRange	16	static
C:/Users/madmc/OneDrive/InternshipST/Lib/Camera_Middleware/sensors/vd1941/vdx941.c:1329:5:VDx941_Init	40	static
C:/Users/madmc/OneDrive/InternshipST/Lib/Camera_Middleware/sensors/vd1941/vdx941.c:1366:5:VDx941_DeInit	8	static
C:/Users/madmc/OneDrive/InternshipST/Lib/Camera_Middleware/sensors/vd1941/vdx941.c:1462:5:VDx941_Start	56	static
C:/Users/madmc/OneDrive/InternshipST/Lib/Camera_Middleware/sensors/vd1941/vdx941.c:1486:5:VDx941_Stop	16	static
C:/Users/madmc/OneDrive/InternshipST/Lib/Camera_Middleware/sensors/vd1941/vdx941.c:1502:5:VDx941_Hold	32	static
C:/Users/madmc/OneDrive/InternshipST/Lib/Camera_Middleware/sensors/vd1941/vdx941.c:1513:5:VDx941_SetAnalogGain	32	static
C:/Users/madmc/OneDrive/InternshipST/Lib/Camera_Middleware/sensors/vd1941/vdx941.c:1526:5:VDx941_GetAnalogGain	40	static
C:/Users/madmc/OneDrive/InternshipST/Lib/Camera_Middleware/sensors/vd1941/vdx941.c:1538:5:VDx941_SetDigitalGain	16	static
C:/Users/madmc/OneDrive/InternshipST/Lib/Camera_Middleware/sensors/vd1941/vdx941.c:1555:5:VDx941_GetDigitalGain	0	static
C:/Users/madmc/OneDrive/InternshipST/Lib/Camera_Middleware/sensors/vd1941/vdx941.c:1560:5:VDx941_SetExpo	8	static
C:/Users/madmc/OneDrive/InternshipST/Lib/Camera_Middleware/sensors/vd1941/vdx941.c:1568:5:VDx941_GetExpo	8	static
C:/Users/madmc/OneDrive/InternshipST/Lib/Camera_Middleware/sensors/vd1941/vdx941.c:1576:5:VDx941_GetPixelDepth	0	static
