C:/Users/madmc/OneDrive/InternshipST/Lib/Camera_Middleware/cmw_camera.c:924:26:CB_ISP_GetSensorGain	0	static
C:/Users/madmc/OneDrive/InternshipST/Lib/Camera_Middleware/cmw_camera.c:940:26:CB_ISP_GetSensorExposure	0	static
C:/Users/madmc/OneDrive/InternshipST/Lib/Camera_Middleware/cmw_camera.c:948:26:CB_ISP_GetSensorInfo	8	static
C:/Users/madmc/OneDrive/InternshipST/Lib/Camera_Middleware/cmw_camera.c:910:13:CMW_CAMERA_EnablePin	0	static
C:/Users/madmc/OneDrive/InternshipST/Lib/Camera_Middleware/cmw_camera.c:905:13:CMW_CAMERA_ShutdownPin	0	static
C:/Users/madmc/OneDrive/InternshipST/Lib/Camera_Middleware/cmw_camera.c:211:12:CMW_CAMERA_Probe_Sensor.constprop	136	static
C:/Users/madmc/OneDrive/InternshipST/Lib/Camera_Middleware/cmw_camera.c:855:13:CMW_CAMERA_EnableGPIOs	48	static
C:/Users/madmc/OneDrive/InternshipST/Lib/Camera_Middleware/cmw_camera.c:105:23:CMW_CAMERA_GetDCMIPPHandle	0	static
C:/Users/madmc/OneDrive/InternshipST/Lib/Camera_Middleware/cmw_camera.c:110:9:CMW_CAMERA_SetPipeConfig	104	static
C:/Users/madmc/OneDrive/InternshipST/Lib/Camera_Middleware/cmw_camera.c:170:9:CMW_CAMERA_SetWBRefMode	8	static
C:/Users/madmc/OneDrive/InternshipST/Lib/Camera_Middleware/cmw_camera.c:190:9:CMW_CAMERA_ListWBRefModes	8	static
C:/Users/madmc/OneDrive/InternshipST/Lib/Camera_Middleware/cmw_camera.c:339:9:CMW_CAMERA_SetMirrorFlip	8	static
C:/Users/madmc/OneDrive/InternshipST/Lib/Camera_Middleware/cmw_camera.c:365:9:CMW_CAMERA_GetMirrorFlip	0	static
C:/Users/madmc/OneDrive/InternshipST/Lib/Camera_Middleware/cmw_camera.c:378:9:CMW_CAMERA_Start	16	static
C:/Users/madmc/OneDrive/InternshipST/Lib/Camera_Middleware/cmw_camera.c:416:9:CMW_CAMERA_DoubleBufferStart	16	static
C:/Users/madmc/OneDrive/InternshipST/Lib/Camera_Middleware/cmw_camera.c:455:26:MX_DCMIPP_ClockConfig	0	static
C:/Users/madmc/OneDrive/InternshipST/Lib/Camera_Middleware/cmw_camera.c:120:9:CMW_CAMERA_GetSensorName	40	static
C:/Users/madmc/OneDrive/InternshipST/Lib/Camera_Middleware/cmw_camera.c:466:9:CMW_CAMERA_DeInit	48	static
C:/Users/madmc/OneDrive/InternshipST/Lib/Camera_Middleware/cmw_camera.c:523:9:CMW_CAMERA_Suspend	8	static
C:/Users/madmc/OneDrive/InternshipST/Lib/Camera_Middleware/cmw_camera.c:542:9:CMW_CAMERA_Resume	8	static
C:/Users/madmc/OneDrive/InternshipST/Lib/Camera_Middleware/cmw_camera.c:561:5:CMW_CAMERA_SetGain	8	static
C:/Users/madmc/OneDrive/InternshipST/Lib/Camera_Middleware/cmw_camera.c:916:26:CB_ISP_SetSensorGain	8	static
C:/Users/madmc/OneDrive/InternshipST/Lib/Camera_Middleware/cmw_camera.c:584:5:CMW_CAMERA_GetGain	0	static
C:/Users/madmc/OneDrive/InternshipST/Lib/Camera_Middleware/cmw_camera.c:595:5:CMW_CAMERA_SetExposure	8	static
C:/Users/madmc/OneDrive/InternshipST/Lib/Camera_Middleware/cmw_camera.c:932:26:CB_ISP_SetSensorExposure	8	static
C:/Users/madmc/OneDrive/InternshipST/Lib/Camera_Middleware/cmw_camera.c:619:5:CMW_CAMERA_GetExposure	0	static
C:/Users/madmc/OneDrive/InternshipST/Lib/Camera_Middleware/cmw_camera.c:630:9:CMW_CAMERA_SetExposureMode	8	static
C:/Users/madmc/OneDrive/InternshipST/Lib/Camera_Middleware/cmw_camera.c:654:9:CMW_CAMERA_GetExposureMode	0	static
C:/Users/madmc/OneDrive/InternshipST/Lib/Camera_Middleware/cmw_camera.c:665:9:CMW_CAMERA_SetTestPattern	8	static
C:/Users/madmc/OneDrive/InternshipST/Lib/Camera_Middleware/cmw_camera.c:689:9:CMW_CAMERA_GetTestPattern	0	static
C:/Users/madmc/OneDrive/InternshipST/Lib/Camera_Middleware/cmw_camera.c:702:9:CMW_CAMERA_GetSensorInfo	8	static
C:/Users/madmc/OneDrive/InternshipST/Lib/Camera_Middleware/cmw_camera.c:265:9:CMW_CAMERA_Init	96	static
C:/Users/madmc/OneDrive/InternshipST/Lib/Camera_Middleware/cmw_camera.c:723:9:CMW_CAMERA_Run	0	static
C:/Users/madmc/OneDrive/InternshipST/Lib/Camera_Middleware/cmw_camera.c:737:12:CMW_CAMERA_PIPE_VsyncEventCallback	0	static
C:/Users/madmc/OneDrive/InternshipST/Lib/Camera_Middleware/cmw_camera.c:749:12:CMW_CAMERA_PIPE_FrameEventCallback	0	static
C:/Users/madmc/OneDrive/InternshipST/Lib/Camera_Middleware/cmw_camera.c:762:6:HAL_DCMIPP_PIPE_VsyncEventCallback	8	static
C:/Users/madmc/OneDrive/InternshipST/Lib/Camera_Middleware/cmw_camera.c:778:6:HAL_DCMIPP_PIPE_FrameEventCallback	8	static
C:/Users/madmc/OneDrive/InternshipST/Lib/Camera_Middleware/cmw_camera.c:793:6:HAL_DCMIPP_MspInit	32	static
C:/Users/madmc/OneDrive/InternshipST/Lib/Camera_Middleware/cmw_camera.c:828:6:HAL_DCMIPP_MspDeInit	16	static
